Microchip MPLAB XC8 Compiler V3.10

Linker command line:

-W-3 \
  --edf=C:\Program Files\Microchip\xc8\v3.10\pic\dat\20250813170317_en.msgs \
  -cn -h+dist/default/production\Prueba2.X.production.sym \
  --cmf=dist/default/production\Prueba2.X.production.cmf -z -Q16F877A \
  -oC:\Users\cocos\AppData\Local\Temp\xcAskso.0\driver_tmp_3.o \
  --defsym=__MPLAB_BUILD=1 --fixupoverflow=error \
  -Mdist/default/production/Prueba2.X.production.map \
  --md=C:\Users\cocos\AppData\Local\Temp\xcAskso.0\driver_tmp_0.dat -E1 \
  -ver=XC8 Compiler -ACODE=00h-07FFhx4 -ASTRCODE=00h-01FFFh \
  -ASTRING=00h-0FFhx32 -ACONST=00h-0FFhx32 -AENTRY=00h-0FFhx32 \
  -ACOMMON=070h-07Fh -ABANK0=020h-06Fh -ABANK1=0A0h-0EFh \
  -ABANK2=0110h-016Fh -ABANK3=0190h-01EFh \
  -ARAM=020h-06Fh,0A0h-0EFh,0110h-016Fh,0190h-01EFh \
  -AABS1=020h-07Fh,0A0h-0EFh,0110h-016Fh,0190h-01EFh -ASFR0=00h-01Fh \
  -ASFR1=080h-09Fh -ASFR2=0100h-010Fh -ASFR3=0180h-018Fh \
  -ACONFIG=02007h-02007h -DCONFIG=2 -AIDLOC=02000h-02003h -DIDLOC=2 \
  -AEEDATA=00h-0FFh/02100h -peeprom_data=EEDATA -DEEDATA=2 -DCODE=2 \
  -DSTRCODE=2 -DSTRING=2 -DCONST=2 -DENTRY=2 \
  -preset_vec=00h,intentry,sivt,init,end_init -ppowerup=CODE -pcinit=CODE \
  -pfunctab=ENTRY -k \
  C:\Users\cocos\AppData\Local\Temp\xcAskso.0\driver_tmp_12.o \
  dist/default/production\Prueba2.X.production.o 

Object code version is 3.11

Machine type is 16F877A



                Name                               Link     Load   Length Selector   Space Scale
C:\Users\cocos\AppData\Local\Temp\xcAskso.0\driver_tmp_12.o
                end_init                              0        0        3        0       0
                config                             2007     2007        1        0       4
dist/default/production\Prueba2.X.production.o
                cinit                               7F2      7F2        E      FE4       0
                config                             2007     2007        1        0       4
                text6                               5A6      5A6       11      B4C       0
                text5                               597      597        F      B2E       0
                text4                               58B      58B        C      B16       0
                text3                               5B7      5B7       1C      B6E       0
                text2                               66D      66D       9F      CDA       0
                text1                               70C      70C       E6      E18       0
                maintext                            5D3      5D3       9A      BA6       0
                cstackCOMMON                         70       70        B       70       1
                clrtext                             583      583        8      B06       0
                bssBANK0                             20       20       20       20       1
                bssCOMMON                            7B       7B        1       70       1
                strings                               3        3       19        6       0

TOTAL           Name                               Link     Load   Length     Space
        CLASS   CODE           
                end_init                              0        0        3         0
                cinit                               7F2      7F2        E         0
                text6                               5A6      5A6       11         0
                text5                               597      597        F         0
                text4                               58B      58B        C         0
                text3                               5B7      5B7       1C         0
                text2                               66D      66D       9F         0
                text1                               70C      70C       E6         0
                maintext                            5D3      5D3       9A         0
                clrtext                             583      583        8         0

        CLASS   STRCODE        

        CLASS   STRING         
                strings                               3        3       19         0

        CLASS   CONST          

        CLASS   ENTRY          

        CLASS   COMMON         
                cstackCOMMON                         70       70        B         1
                bssCOMMON                            7B       7B        1         1

        CLASS   BANK0          
                bssBANK0                             20       20       20         1

        CLASS   BANK1          

        CLASS   BANK2          

        CLASS   BANK3          

        CLASS   RAM            

        CLASS   ABS1           
                abs_s1                               7E       7E        2         1

        CLASS   SFR0           

        CLASS   SFR1           

        CLASS   SFR2           

        CLASS   SFR3           

        CLASS   CONFIG         
                config                             2007     2007        1         4

        CLASS   IDLOC          

        CLASS   EEDATA         

        CLASS   HEAP           

        CLASS   STACK          



SEGMENTS        Name                           Load    Length   Top    Selector   Space  Class     Delta

                reset_vec                      000000  000003  000003         0       0  CODE        2
                strings                        000003  000019  00001C         6       0  STRING      2
                bssBANK0                       000020  000020  000040        20       1  BANK0       1
                cstackCOMMON                   000070  00000C  00007C        70       1  COMMON      1
                clrtext                        000583  000008  00058B       B06       0  CODE        2
                text4                          00058B  00000C  000597       B16       0  CODE        2
                text5                          000597  00000F  0005A6       B2E       0  CODE        2
                text6                          0005A6  000011  0005B7       B4C       0  CODE        2
                text3                          0005B7  00001C  0005D3       B6E       0  CODE        2
                maintext                       0005D3  00009A  00066D       BA6       0  CODE        2
                text2                          00066D  00009F  00070C       CDA       0  CODE        2
                text1                          00070C  0000E6  0007F2       E18       0  CODE        2
                cinit                          0007F2  00000E  000800       FE4       0  CODE        2


UNUSED ADDRESS RANGES

        Name                Unused          Largest block    Delta
        BANK0            0040-006F             30           1
        BANK1            00A0-00EF             50           1
        BANK2            0110-016F             60           1
        BANK3            0190-01EF             60           1
        CODE             001C-0582            567           2
                         0800-1FFF            800
        COMMON           007C-007D              2           1
        CONST            001C-0582            100           2
                         0800-1FFF            100
        EEDATA           2100-21FF            100           2
        ENTRY            001C-0582            100           2
                         0800-1FFF            100
        IDLOC            2000-2003              4           2
        RAM              0040-006F             30           1
                         00A0-00EF             50
                         0110-016F             60
                         0190-01EF             60
        SFR0             0000-001F             20           1
        SFR1             0080-009F             20           1
        SFR2             0100-010F             10           1
        SFR3             0180-018F             10           1
        STRCODE          001C-0582            567           2
                         0800-1FFF           1800
        STRING           001C-0582            100           2
                         0800-1FFF            100

                                  Symbol Table

?_buscar_valor_json            cstackCOMMON 0070
UART_Write@data                cstackCOMMON 0070
UART_Write_String@str          cstackCOMMON 0071
_ADCON1                        (abs)        009F
_PIR1bits                      (abs)        000C
_PORTCbits                     (abs)        0007
_RCREG                         (abs)        001A
_RCSTAbits                     (abs)        0018
_SPBRG                         (abs)        0099
_TRISCbits                     (abs)        0087
_TXREG                         (abs)        0019
_TXSTAbits                     (abs)        0098
_UART_Init                     text6        05A6
_UART_Read                     text5        0597
_UART_Write                    text4        058B
_UART_Write_String             text3        05B7
__H__absolute__                __absolute__ 0000
__Habs1                        abs1         0000
__Hbank0                       bank0        0000
__Hbank1                       bank1        0000
__Hbank2                       bank2        0000
__Hbank3                       bank3        0000
__HbssBANK0                    bssBANK0     0000
__HbssCOMMON                   bssCOMMON    0000
__Hcinit                       cinit        0800
__Hclrtext                     clrtext      0000
__Hcode                        code         0000
__Hcommon                      common       0000
__Hconfig                      config       2008
__HcstackCOMMON                cstackCOMMON 0000
__Heeprom_data                 eeprom_data  0000
__Hend_init                    end_init     0003
__Hfunctab                     functab      0000
__Hheap                        heap         0000
__Hinit                        init         0000
__Hintentry                    intentry     0000
__Hmaintext                    maintext     0000
__Hpowerup                     powerup      0000
__Hram                         ram          0000
__Hreset_vec                   reset_vec    0000
__Hsfr0                        sfr0         0000
__Hsfr1                        sfr1         0000
__Hsfr2                        sfr2         0000
__Hsfr3                        sfr3         0000
__Hsivt                        sivt         0000
__Hspace_0                     (abs)        0800
__Hspace_1                     (abs)        007C
__Hspace_2                     (abs)        0000
__Hspace_3                     (abs)        0000
__Hspace_4                     (abs)        400F
__Hstack                       stack        0000
__Hstrings                     strings      0000
__Htext                        text         0000
__L__absolute__                __absolute__ 0000
__Labs1                        abs1         0000
__Lbank0                       bank0        0000
__Lbank1                       bank1        0000
__Lbank2                       bank2        0000
__Lbank3                       bank3        0000
__LbssBANK0                    bssBANK0     0000
__LbssCOMMON                   bssCOMMON    0000
__Lcinit                       cinit        07F2
__Lclrtext                     clrtext      0000
__Lcode                        code         0000
__Lcommon                      common       0000
__Lconfig                      config       0000
__LcstackCOMMON                cstackCOMMON 0000
__Leeprom_data                 eeprom_data  0000
__Lend_init                    end_init     0000
__Lfunctab                     functab      0000
__Lheap                        heap         0000
__Linit                        init         0000
__Lintentry                    intentry     0000
__Lmaintext                    maintext     0000
__Lpowerup                     powerup      0000
__Lram                         ram          0000
__Lreset_vec                   reset_vec    0000
__Lsfr0                        sfr0         0000
__Lsfr1                        sfr1         0000
__Lsfr2                        sfr2         0000
__Lsfr3                        sfr3         0000
__Lsivt                        sivt         0000
__Lspace_0                     (abs)        0000
__Lspace_1                     (abs)        0000
__Lspace_2                     (abs)        0000
__Lspace_3                     (abs)        0000
__Lspace_4                     (abs)        0000
__Lstack                       stack        0000
__Lstrings                     strings      0000
__Ltext                        text         0000
__S0                           (abs)        0800
__S1                           (abs)        007C
__S3                           (abs)        0000
___heap_hi                     (abs)        0000
___heap_lo                     (abs)        0000
___int_sp                      stack        0000
___int_stack_hi                stack        0000
___int_stack_lo                stack        0000
___latbits                     (abs)        0002
___sp                          stack        0000
___stack_hi                    stack        0000
___stack_lo                    stack        0000
___stackhi                     (abs)        0000
___stacklo                     (abs)        0000
__end_of_UART_Init             text6        05B7
__end_of_UART_Read             text5        05A6
__end_of_UART_Write            text4        0597
__end_of_UART_Write_String     text3        05D3
__end_of__initialization       cinit        07FC
__end_of__stringtab            strings      0009
__end_of_buscar_valor_json     text2        070C
__end_of_enviar_respuesta_json text1        07F2
__end_of_main                  maintext     066D
__initialization               cinit        07F2
__pbssBANK0                    bssBANK0     0020
__pbssCOMMON                   bssCOMMON    007B
__pcstackCOMMON                cstackCOMMON 0070
__pmaintext                    maintext     05D3
__pstrings                     strings      0003
__ptext1                       text1        070C
__ptext2                       text2        066D
__ptext3                       text3        05B7
__ptext4                       text4        058B
__ptext5                       text5        0597
__ptext6                       text6        05A6
__stringbase                   strings      0008
__stringtab                    strings      0003
_bufferIndex                   bssCOMMON    007B
_buscar_valor_json             text2        066D
_enviar_respuesta_json         text1        070C
_jsonBuffer                    bssBANK0     0020
_main                          maintext     05D3
btemp                          (abs)        007E
btemp0                         (abs)        007E
btemp1                         (abs)        007F
buscar_valor_json@i            cstackCOMMON 0075
buscar_valor_json@j            cstackCOMMON 0074
clear_ram0                     clrtext      0583
end_of_initialization          cinit        07FC
enviar_respuesta_json@valor    cstackCOMMON 0071
intlevel0                      functab      0000
intlevel1                      functab      0000
intlevel2                      functab      0000
intlevel3                      functab      0000
intlevel4                      functab      0000
intlevel5                      functab      0000
ltemp0a                        (abs)        0080
main@comando                   cstackCOMMON 0078
main@dato                      cstackCOMMON 007A
reset_vec                      reset_vec    0000
start                          init         0000
start_initialization           cinit        07F2
ttemp0a                        (abs)        007F
wtemp0                         (abs)        007E
wtemp0a                        (abs)        007F


MODULE INFORMATION

Module		Function		Class		Link	Load	Size
shared
		__stringtab    		STRING         	0003	0000	6
		__initialization		CODE           	07F2	0000	10

shared estimated size: 16

prueba2.c
		_UART_Write_String		CODE           	05B7	0000	28
		_UART_Read     		CODE           	0597	0000	15
		_UART_Init     		CODE           	05A6	0000	17
		_main          		CODE           	05D3	0000	154
		_buscar_valor_json		CODE           	066D	0000	159
		_enviar_respuesta_json		CODE           	070C	0000	230
		_UART_Write    		CODE           	058B	0000	12

prueba2.c estimated size: 615

